#-----------------------------------------------------------
# Vivado v2023.2 (64-bit)
# SW Build 4029153 on Fri Oct 13 20:13:54 MDT 2023
# IP Build 4028589 on Sat Oct 14 00:45:43 MDT 2023
# SharedData Build 4025554 on Tue Oct 10 17:18:54 MDT 2023
# Start of session at: Thu Nov 27 09:01:10 2025
# Process ID: 37056
# Current directory: /home2/etudiants/master2/abdennour.guessoum/tp_pwm/tp_pwm.runs/design_1_processing_system7_0_2_synth_1
# Command line: vivado -log design_1_processing_system7_0_2.vds -product Vivado -mode batch -messageDb vivado.pb -notrace -source design_1_processing_system7_0_2.tcl
# Log file: /home2/etudiants/master2/abdennour.guessoum/tp_pwm/tp_pwm.runs/design_1_processing_system7_0_2_synth_1/design_1_processing_system7_0_2.vds
# Journal file: /home2/etudiants/master2/abdennour.guessoum/tp_pwm/tp_pwm.runs/design_1_processing_system7_0_2_synth_1/vivado.jou
# Running On: 22hp042, OS: Linux, CPU Frequency: 4600.170 MHz, CPU Physical cores: 8, Host memory: 33420 MB
#-----------------------------------------------------------
source design_1_processing_system7_0_2.tcl -notrace
